// Jest Snapshot v1, https://goo.gl/fbAQLP

exports[`components/Nav/Nav should display a nav with items 1`] = `
".a {
  display: flex;
}
.b {
  flex-wrap: wrap;
}
.c {
  padding-left: 0;
}
.d {
  margin-bottom: 0;
}
.e {
  list-style: none;
}
.f {
  display: block;
}
.g {
  font-size: 1rem;
}
.h {
  font-weight: 400;
}
.i {
  color: #0d6efd;
}
.j {
  background: none;
}
.s {
  transition-property: color, background-color, border-color;
}
.t {
  transition-duration: 0.15s, 0.15s, 0.15s;
}
.u {
  transition-delay: ease-in-out, ease-in-out, ease-in-out;
}
.v {
  transition-timing-function: ease, ease, ease;
}
.w {
  border-top-width: 0;
}
.x {
  border-right-width: 0;
}
.y {
  border-bottom-width: 0;
}
.z {
  border-left-width: 0;
}
.ab {
  text-decoration-line: none;
}
.ac {
  padding-top: 0.5rem;
}
.ae {
  padding-right: 1rem;
}
.af {
  padding-bottom: 0.5rem;
}
.ag {
  padding-left: 1rem;
}
.ah {
  background-clip: padding-box;
}
.ai {
  background-color: #fff;
}
.aj {
  color: #212529;
}
.ak {
  left: 0;
}
.al {
  width: 100%;
}
.am {
  margin-top: calc(-1 * 1px);
}
.an {
  min-width: 10rem;
}
.ao {
  position: absolute;
}
.ap {
  text-align: left;
}
.aq {
  top: -2.5rem;
}
.ar {
  z-index: 1000;
}
.as {
  transform: translate3d(0px, 40px, 0px);
}
.at {
  border-top-left-radius: 0;
}
.au {
  border-top-right-radius: 0;
}
.av {
  right: auto;
}
.aw {
  bottom: auto;
}
.ax {
  padding-right: 0.125rem;
}
.ay {
  padding-left: 0.125rem;
}
.az {
  margin-right: 0px;
}
.ba {
  margin-bottom: 0px;
}
.bb {
  margin-left: 0px;
}
.bc {
  border-bottom-right-radius: 0.375rem;
}
.bd {
  border-bottom-left-radius: 0.375rem;
}
.be {
  border-top-width: 1px;
}
.bf {
  border-right-width: 1px;
}
.bg {
  border-bottom-width: 1px;
}
.bh {
  border-left-width: 1px;
}
.bi {
  border-top-style: solid;
}
.bj {
  border-right-style: solid;
}
.bk {
  border-bottom-style: solid;
}
.bl {
  border-left-style: solid;
}
.bm {
  border-top-color: rgba(0, 0, 0, 0.175);
}
.bn {
  border-right-color: rgba(0, 0, 0, 0.175);
}
.bo {
  border-bottom-color: rgba(0, 0, 0, 0.175);
}
.bp {
  border-left-color: rgba(0, 0, 0, 0.175);
}
.bq {
  margin-top: -0.2rem;
}
.br {
  padding-top: 0;
}
.bs {
  margin-top: 0.2rem;
}
.bt {
  padding-top: -0.5rem;
}
.bu {
  white-space: nowrap;
}
.bv:empty::after {
  margin-left: 0;
}
.bw::after {
  content:;
}
.bx::after {
  display: inline-block;
}
.by::after {
  margin-left: 0.255em;
}
.bz::after {
  vertical-align: 0.255em;
}
.ca::after {
  border-top-width: 0.3em;
}
.cb::after {
  border-top-style: solid;
}
.cc::after {
  border-right-width: 0.3em;
}
.cd::after {
  border-right-style: solid;
}
.ce::after {
  border-right-color: transparent;
}
.cf::after {
  border-left-width: 0.3em;
}
.cg::after {
  border-left-style: solid;
}
.ch::after {
  border-left-color: transparent;
}
.ci::after {
  border-bottom-width: 0;
}
.cj {
  content:;
}
.ck {
  display: inline-block;
}
.cl {
  margin-left: calc(0.3em * 0.85);
}
.cm {
  vertical-align: calc(0.3em * 0.85);
}
.cn {
  border-top-width: 0.3em;
}
.co {
  border-right-width: 0.3em;
}
.cp {
  border-right-color: transparent;
}
.cq {
  border-left-width: 0.3em;
}
.cr {
  border-left-color: transparent;
}
.cs {
  top: 0;
}
.ct {
  width: auto;
}
.o:hover {
  color: #0a58ca;
}
.p:focus {
  color: #0a58ca;
}
.q:focus-visible {
  box-shadow: 0 0 0 0.25rem rgba(13, 110, 253, 0.25);
}
.r:focus-visible {
  outline-width: 0;
}
@media (prefers-reduced-motion: reduce) {
  .k {
    transition-property: none;
  }
  .l {
    transition-duration: 0s;
  }
  .m {
    transition-delay: 0s;
  }
  .n {
    transition-timing-function: ease;
  }
}


<ul data-testid="nav-container" class="a b c d e nav-container">
  <li data-testid="nav-item" class="nav-item">
    <a
      data-testid="nav-link"
      class="ab ac ae af ag f g h i j k l m n o p q r s t u v w x y z nav-link"
      >Tab 1</a
    >
  </li>
  <li data-testid="nav-item" class="nav-item">
    <a
      data-testid="dropdown-toggle"
      class="ab ac ae af ag f g h i j k l m n o p q r s t u v w x y z nav-link bu bv bw bx by bz ca cb cc cd ce cf cg ch ci dropdown-toggle"
      tabindex="0"
      aria-expanded="false"
      aria-haspopup="listbox"
      role="combobox"
      >Dropdown 1
      <div
        class="bi bj bl cj ck cl cm cn co cp cq cr y"
        data-testid="dropdown-toggle-caret"
      ></div
    ></a>
  </li>
</ul>
;
"
`;
